[INFO] Scanning for projects...
[INFO] 
[INFO] ---------------------< com.fooddelivery:e2e-tests >---------------------
[INFO] Building e2e-tests 1.0-SNAPSHOT
[INFO]   from pom.xml
[INFO] --------------------------------[ jar ]---------------------------------
[INFO] 
[INFO] --- resources:3.4.0:resources (default-resources) @ e2e-tests ---
[INFO] skip non existing resourceDirectory /Users/parthureddy/Documents/Food Delivery.nosync/UITesting/src/main/resources
[INFO] 
[INFO] --- compiler:3.13.0:compile (default-compile) @ e2e-tests ---
[INFO] No sources to compile
[INFO] 
[INFO] --- resources:3.4.0:testResources (default-testResources) @ e2e-tests ---
[INFO] Copying 3 resources from src/test/resources to target/test-classes
[INFO] 
[INFO] --- compiler:3.13.0:testCompile (default-testCompile) @ e2e-tests ---
[INFO] Recompiling the module because of changed source code.
[INFO] Compiling 218 source files with javac [debug target 17] to target/test-classes
[WARNING] location of system modules is not set in conjunction with -source 17
  not setting the location of system modules may lead to class files that cannot run on JDK 17
    --release 17 is recommended instead of -source 17 -target 17 because it sets the location of system modules automatically
[INFO] /Users/parthureddy/Documents/Food Delivery.nosync/UITesting/src/test/java/com/fooddelivery/e2e/tests/smoke/SavedAddressOutletUiTest.java: /Users/parthureddy/Documents/Food Delivery.nosync/UITesting/src/test/java/com/fooddelivery/e2e/tests/smoke/SavedAddressOutletUiTest.java uses unchecked or unsafe operations.
[INFO] /Users/parthureddy/Documents/Food Delivery.nosync/UITesting/src/test/java/com/fooddelivery/e2e/tests/smoke/SavedAddressOutletUiTest.java: Recompile with -Xlint:unchecked for details.
[INFO] 
[INFO] --- surefire:3.5.2:test (default-test) @ e2e-tests ---
[INFO] Using auto detected provider org.apache.maven.surefire.junitplatform.JUnitPlatformProvider
[INFO] 
[INFO] -------------------------------------------------------
[INFO]  T E S T S
[INFO] -------------------------------------------------------
[INFO] Running com.fooddelivery.e2e.tests.flows.HappyDeliveryFlowTest
[E2E STARTUP] Creating Playwright driver
[E2E STARTUP] Launching Chromium (headless=false)
[E2E STARTUP] Chromium ready
═══ STEP 1: Logging in all actors ═══
Customer=8000000001 Restaurant=9000000001 Rider=7000000001
[RIDER] Server DUTY_STATUS ONLINE and live UI location frames verified
═══ STEP 2: Rider going online ═══
═══ STEP 3: Customer selecting address and restaurant ═══
Selected Brand 1 Outlet 5 at 1.4 km
═══ STEP 4: Customer adding item and placing order ═══
[CUSTOMER] Found item with prep time: 14 min
Tracking Order ID: f3b3d38b-6e4f-4ff7-a26f-1264e775c267
Short Order ID: f3b3d38b
═══ STEP 5: Restaurant accepting order ═══
[KITCHEN] UI active-order response status=200 outlet=36342aa6-05fe-5cb3-a755-21b207c601bd
[KITCHEN] rows=1 ownedRows=1 ownedStatus=CREATED
═══ STEP 8: Rider accepting dispatch ═══
[RIDER] Leaving visible active delivery or dispatch unchanged
[E2E TEARDOWN] customer signed out [everyday=200]
[E2E TEARDOWN] restaurant signed out [everyday=200]
[BROWSER NETWORK ERROR] 401 GET https://gulf-strike-dark-extras.trycloudflare.com/api/v1/organisations?[redacted]
[BROWSER ERROR] Failed to load resource: the server responded with a status of 401 ()
[E2E TEARDOWN] rider signed out [everyday=200]
[ERROR] Tests run: 1, Failures: 0, Errors: 1, Skipped: 0, Time elapsed: 73.87 s <<< FAILURE! -- in com.fooddelivery.e2e.tests.flows.HappyDeliveryFlowTest
[ERROR] com.fooddelivery.e2e.tests.flows.HappyDeliveryFlowTest.completeOrderLifecycle -- Time elapsed: 71.57 s <<< ERROR!
com.microsoft.playwright.PlaywrightException: Unsupported type of argument: 1791374378968
	at com.microsoft.playwright.impl.Serialization$ValueSerializer.serializeValue(Serialization.java:220)
	at com.microsoft.playwright.impl.Serialization$ValueSerializer.serializeValue(Serialization.java:209)
	at com.microsoft.playwright.impl.Serialization$ValueSerializer.serializeValue(Serialization.java:199)
	at com.microsoft.playwright.impl.Serialization$ValueSerializer.serializeValue(Serialization.java:209)
	at com.microsoft.playwright.impl.Serialization$ValueSerializer.<init>(Serialization.java:124)
	at com.microsoft.playwright.impl.Serialization.serializeArgument(Serialization.java:229)
	at com.microsoft.playwright.impl.FrameImpl.evaluate(FrameImpl.java:286)
	at com.microsoft.playwright.impl.PageImpl.evaluate(PageImpl.java:773)
	at com.fooddelivery.e2e.util.LiveArrivalEstimate.write(LiveArrivalEstimate.java:100)
	at com.fooddelivery.e2e.util.LiveArrivalEstimate.observe(LiveArrivalEstimate.java:89)
	at com.fooddelivery.e2e.util.LiveArrivalEstimate.awaitLive(LiveArrivalEstimate.java:50)
	at com.fooddelivery.e2e.tests.flows.HappyDeliveryFlowTest.completeOrderLifecycle(HappyDeliveryFlowTest.java:660)
	at java.base/java.lang.reflect.Method.invoke(Method.java:565)
	at java.base/java.util.ArrayList.forEach(ArrayList.java:1612)
	at java.base/java.util.ArrayList.forEach(ArrayList.java:1612)

[INFO] 
[INFO] Results:
[INFO] 
[ERROR] Errors: 
[ERROR]   HappyDeliveryFlowTest.completeOrderLifecycle:660 » Playwright Unsupported type of argument: 1791374378968
[INFO] 
[ERROR] Tests run: 1, Failures: 0, Errors: 1, Skipped: 0
[INFO] 
[INFO] ------------------------------------------------------------------------
[INFO] BUILD FAILURE
[INFO] ------------------------------------------------------------------------
[INFO] Total time:  01:16 min
[INFO] Finished at: 2026-10-07T17:08:14+05:30
[INFO] ------------------------------------------------------------------------
[ERROR] Failed to execute goal org.apache.maven.plugins:maven-surefire-plugin:3.5.2:test (default-test) on project e2e-tests: 
[ERROR] 
[ERROR] See /Users/parthureddy/Documents/Food Delivery.nosync/UITesting/target/surefire-reports for the individual test results.
[ERROR] See dump files (if any exist) [date].dump, [date]-jvmRun[N].dump and [date].dumpstream.
[ERROR] -> [Help 1]
[ERROR] 
[ERROR] To see the full stack trace of the errors, re-run Maven with the -e switch.
[ERROR] Re-run Maven using the -X switch to enable full debug logging.
[ERROR] 
[ERROR] For more information about the errors and possible solutions, please read the following articles:
[ERROR] [Help 1] http://cwiki.apache.org/confluence/display/MAVEN/MojoFailureException
