[INFO] Scanning for projects...
[INFO] 
[INFO] ---------------------< com.fooddelivery:e2e-tests >---------------------
[INFO] Building e2e-tests 1.0-SNAPSHOT
[INFO]   from pom.xml
[INFO] --------------------------------[ jar ]---------------------------------
[INFO] 
[INFO] --- resources:3.4.0:resources (default-resources) @ e2e-tests ---
[INFO] skip non existing resourceDirectory /Users/parthureddy/Documents/Food Delivery.nosync/UITesting/src/main/resources
[INFO] 
[INFO] --- compiler:3.15.0:compile (default-compile) @ e2e-tests ---
[INFO] No sources to compile
[INFO] 
[INFO] --- resources:3.4.0:testResources (default-testResources) @ e2e-tests ---
[INFO] skip non existing resourceDirectory /Users/parthureddy/Documents/Food Delivery.nosync/UITesting/src/test/resources
[INFO] 
[INFO] --- compiler:3.15.0:testCompile (default-testCompile) @ e2e-tests ---
[INFO] Recompiling the module because of changed source code.
[INFO] Compiling 6 source files with javac [debug target 17] to target/test-classes
[WARNING] location of system modules is not set in conjunction with -source 17
  not setting the location of system modules may lead to class files that cannot run on JDK 17
    --release 17 is recommended instead of -source 17 -target 17 because it sets the location of system modules automatically
[INFO] 
[INFO] --- surefire:3.2.5:test (default-test) @ e2e-tests ---
[INFO] Using auto detected provider org.apache.maven.surefire.junitplatform.JUnitPlatformProvider
[INFO] 
[INFO] -------------------------------------------------------
[INFO]  T E S T S
[INFO] -------------------------------------------------------
[INFO] Running com.fooddelivery.e2e.HappyPathE2ETest
Starting Happy Delivery Path Test
BROWSER CONSOLE: verbose [DOM] Input elements should have autocomplete attributes (suggested: "new-password"): (More info: https://goo.gl/9p2vKq) %o
Restaurant logged in
BROWSER CONSOLE: verbose [DOM] Input elements should have autocomplete attributes (suggested: "new-password"): (More info: https://goo.gl/9p2vKq) %o
Rider logged in
Rider is online
BROWSER CONSOLE: verbose [DOM] Input elements should have autocomplete attributes (suggested: "new-password"): (More info: https://goo.gl/9p2vKq) %o
Customer logged in
Customer selected address
Customer opened restaurant
Customer added item to cart
BROWSER CONSOLE: warning Error parsing SSE data SyntaxError: Unexpected token 'T', "Tracking s"... is not valid JSON
    at JSON.parse (<anonymous>)
    at onmessage (http://140.245.225.221/assets/index-DGC9LNuC.js:1278:6861)
    at http://140.245.225.221/assets/index-DGC9LNuC.js:1277:198919
    at http://140.245.225.221/assets/index-DGC9LNuC.js:1277:198743
    at ND (http://140.245.225.221/assets/index-DGC9LNuC.js:1277:198462)
    at async at (http://140.245.225.221/assets/index-DGC9LNuC.js:1278:1425)
Customer placed order
Customer sees Order Received
Restaurant accepted order
Customer sees Accepted by Kitchen
Restaurant preparing order
Customer sees Cooking & Packaging
BROWSER CONSOLE: error Failed to load resource: net::ERR_INCOMPLETE_CHUNKED_ENCODING
BROWSER CONSOLE: warning Could not connect to SSE stream TypeError: network error
BROWSER CONSOLE: warning Error parsing SSE data SyntaxError: Unexpected token 'T', "Tracking s"... is not valid JSON
    at JSON.parse (<anonymous>)
    at onmessage (http://140.245.225.221/assets/index-DGC9LNuC.js:1278:6861)
    at http://140.245.225.221/assets/index-DGC9LNuC.js:1277:198919
    at http://140.245.225.221/assets/index-DGC9LNuC.js:1277:198743
    at ND (http://140.245.225.221/assets/index-DGC9LNuC.js:1277:198462)
    at async at (http://140.245.225.221/assets/index-DGC9LNuC.js:1278:1425)
[ERROR] Tests run: 1, Failures: 0, Errors: 1, Skipped: 0, Time elapsed: 109.8 s <<< FAILURE! -- in com.fooddelivery.e2e.HappyPathE2ETest
[ERROR] com.fooddelivery.e2e.HappyPathE2ETest.testHappyDeliveryPath -- Time elapsed: 102.4 s <<< ERROR!
com.microsoft.playwright.TimeoutError: 
Error {
  message='Timeout 60000ms exceeded.
  name='TimeoutError
  stack='TimeoutError: Timeout 60000ms exceeded.
    at ProgressController.run (/private/var/folders/0h/ntc9lth93bq3sgfrgr9f9ylm0000gn/T/playwright-java-5562795596137841987/package/lib/server/progress.js:78:26)
    at Frame.waitForSelector (/private/var/folders/0h/ntc9lth93bq3sgfrgr9f9ylm0000gn/T/playwright-java-5562795596137841987/package/lib/server/frames.js:619:23)
    at FrameDispatcher.waitForSelector (/private/var/folders/0h/ntc9lth93bq3sgfrgr9f9ylm0000gn/T/playwright-java-5562795596137841987/package/lib/server/dispatchers/frameDispatcher.js:106:103)
    at FrameDispatcher._handleCommand (/private/var/folders/0h/ntc9lth93bq3sgfrgr9f9ylm0000gn/T/playwright-java-5562795596137841987/package/lib/server/dispatchers/dispatcher.js:94:40)
    at DispatcherConnection.dispatch (/private/var/folders/0h/ntc9lth93bq3sgfrgr9f9ylm0000gn/T/playwright-java-5562795596137841987/package/lib/server/dispatchers/dispatcher.js:361:39)
}
Call log:
- waiting for locator("text=Mark Prepared").first() to be visible

	at com.microsoft.playwright.impl.WaitableResult.get(WaitableResult.java:52)
	at com.microsoft.playwright.impl.ChannelOwner.runUntil(ChannelOwner.java:120)
	at com.microsoft.playwright.impl.Connection.sendMessage(Connection.java:130)
	at com.microsoft.playwright.impl.ChannelOwner.sendMessage(ChannelOwner.java:106)
	at com.microsoft.playwright.impl.FrameImpl.waitForSelectorImpl(FrameImpl.java:1060)
	at com.microsoft.playwright.impl.LocatorImpl.lambda$waitForImpl$7(LocatorImpl.java:619)
	at com.microsoft.playwright.impl.LoggingSupport.withLogging(LoggingSupport.java:47)
	at com.microsoft.playwright.impl.ChannelOwner.withLogging(ChannelOwner.java:89)
	at com.microsoft.playwright.impl.LocatorImpl.waitForImpl(LocatorImpl.java:619)
	at com.microsoft.playwright.impl.LocatorImpl.waitFor(LocatorImpl.java:615)
	at com.fooddelivery.e2e.pages.RestaurantPage.markReadyForPickup(RestaurantPage.java:37)
	at com.fooddelivery.e2e.HappyPathE2ETest.testHappyDeliveryPath(HappyPathE2ETest.java:88)
	at java.base/java.lang.reflect.Method.invoke(Method.java:565)
	at java.base/java.util.ArrayList.forEach(ArrayList.java:1612)
	at java.base/java.util.ArrayList.forEach(ArrayList.java:1612)
Caused by: com.microsoft.playwright.TimeoutError: Error {
  message='Timeout 60000ms exceeded.
  name='TimeoutError
  stack='TimeoutError: Timeout 60000ms exceeded.
    at ProgressController.run (/private/var/folders/0h/ntc9lth93bq3sgfrgr9f9ylm0000gn/T/playwright-java-5562795596137841987/package/lib/server/progress.js:78:26)
    at Frame.waitForSelector (/private/var/folders/0h/ntc9lth93bq3sgfrgr9f9ylm0000gn/T/playwright-java-5562795596137841987/package/lib/server/frames.js:619:23)
    at FrameDispatcher.waitForSelector (/private/var/folders/0h/ntc9lth93bq3sgfrgr9f9ylm0000gn/T/playwright-java-5562795596137841987/package/lib/server/dispatchers/frameDispatcher.js:106:103)
    at FrameDispatcher._handleCommand (/private/var/folders/0h/ntc9lth93bq3sgfrgr9f9ylm0000gn/T/playwright-java-5562795596137841987/package/lib/server/dispatchers/dispatcher.js:94:40)
    at DispatcherConnection.dispatch (/private/var/folders/0h/ntc9lth93bq3sgfrgr9f9ylm0000gn/T/playwright-java-5562795596137841987/package/lib/server/dispatchers/dispatcher.js:361:39)
}
Call log:
- waiting for locator("text=Mark Prepared").first() to be visible

	at com.microsoft.playwright.impl.Connection.dispatch(Connection.java:254)
	at com.microsoft.playwright.impl.Connection.processOneMessage(Connection.java:211)
	at com.microsoft.playwright.impl.ChannelOwner.runUntil(ChannelOwner.java:118)
	... 13 more

[INFO] 
[INFO] Results:
[INFO] 
[ERROR] Errors: 
[ERROR]   HappyPathE2ETest.testHappyDeliveryPath:88 » Timeout Error {
  message='Timeout 60000ms exceeded.
  name='TimeoutError
  stack='TimeoutError: Timeout 60000ms exceeded.
    at ProgressController.run (/private/var/folders/0h/ntc9lth93bq3sgfrgr9f9ylm0000gn/T/playwright-java-5562795596137841987/package/lib/server/progress.js:78:26)
    at Frame.waitForSelector (/private/var/folders/0h/ntc9lth93bq3sgfrgr9f9ylm0000gn/T/playwright-java-5562795596137841987/package/lib/server/frames.js:619:23)
    at FrameDispatcher.waitForSelector (/private/var/folders/0h/ntc9lth93bq3sgfrgr9f9ylm0000gn/T/playwright-java-5562795596137841987/package/lib/server/dispatchers/frameDispatcher.js:106:103)
    at FrameDispatcher._handleCommand (/private/var/folders/0h/ntc9lth93bq3sgfrgr9f9ylm0000gn/T/playwright-java-5562795596137841987/package/lib/server/dispatchers/dispatcher.js:94:40)
    at DispatcherConnection.dispatch (/private/var/folders/0h/ntc9lth93bq3sgfrgr9f9ylm0000gn/T/playwright-java-5562795596137841987/package/lib/server/dispatchers/dispatcher.js:361:39)
}
Call log:
- waiting for locator("text=Mark Prepared").first() to be visible

[INFO] 
[ERROR] Tests run: 1, Failures: 0, Errors: 1, Skipped: 0
[INFO] 
[INFO] ------------------------------------------------------------------------
[INFO] BUILD FAILURE
[INFO] ------------------------------------------------------------------------
[INFO] Total time:  01:52 min
[INFO] Finished at: 2026-07-24T06:19:17+05:30
[INFO] ------------------------------------------------------------------------
[ERROR] Failed to execute goal org.apache.maven.plugins:maven-surefire-plugin:3.2.5:test (default-test) on project e2e-tests: 
[ERROR] 
[ERROR] Please refer to /Users/parthureddy/Documents/Food Delivery.nosync/UITesting/target/surefire-reports for the individual test results.
[ERROR] Please refer to dump files (if any exist) [date].dump, [date]-jvmRun[N].dump and [date].dumpstream.
[ERROR] -> [Help 1]
[ERROR] 
[ERROR] To see the full stack trace of the errors, re-run Maven with the -e switch.
[ERROR] Re-run Maven using the -X switch to enable full debug logging.
[ERROR] 
[ERROR] For more information about the errors and possible solutions, please read the following articles:
[ERROR] [Help 1] http://cwiki.apache.org/confluence/display/MAVEN/MojoFailureException
