Running combined UI gate; retained candidates: /Users/parthureddy/Documents/Food Delivery.nosync/UITesting/target/business-platform/o45/allocation-36279ac634250959.json
[E2E STARTUP] Creating Playwright driver
[E2E STARTUP] Launching Chromium (headless=true)
[E2E STARTUP] Chromium ready
[E2E WRITE] POST 200 dev https://gulf-strike-dark-extras.trycloudflare.com/api/v1/auth/otp
[E2E WRITE] POST 200 dev https://gulf-strike-dark-extras.trycloudflare.com/api/v1/auth/session
[E2E WRITE] PUT 200 dev https://gulf-strike-dark-extras.trycloudflare.com/api/v1/users/profile
[E2E WRITE] POST 201 dev https://gulf-strike-dark-extras.trycloudflare.com/api/v1/organisations
[BROWSER NETWORK ERROR] 401 GET https://gulf-strike-dark-extras.trycloudflare.com/api/v1/organisations?[redacted]
[BROWSER ERROR] Failed to load resource: the server responded with a status of 401 ()
[E2E WRITE] POST 200 dev https://gulf-strike-dark-extras.trycloudflare.com/api/v1/auth/session/refresh
[E2E WRITE] PUT 200 dev https://gulf-strike-dark-extras.trycloudflare.com/api/v1/restaurant-onboarding/organisations/aff28e6f-80ce-459c-b2a8-3a6002513a63/application
[E2E WRITE] POST 200 dev https://gulf-strike-dark-extras.trycloudflare.com/api/v1/restaurant-onboarding/organisations/aff28e6f-80ce-459c-b2a8-3a6002513a63/application/outlets
[BROWSER NETWORK ERROR] 401 POST https://gulf-strike-dark-extras.trycloudflare.com/api/v1/verification/documents/e4c08101-a3db-4670-8a3c-ee305c51a181/complete
[BROWSER ERROR] Failed to load resource: the server responded with a status of 401 ()
[E2E WRITE] POST 401 dev https://gulf-strike-dark-extras.trycloudflare.com/api/v1/verification/documents/e4c08101-a3db-4670-8a3c-ee305c51a181/complete
[E2E WRITE] POST 200 dev https://gulf-strike-dark-extras.trycloudflare.com/api/v1/auth/session/refresh
[E2E WRITE] POST 200 dev https://gulf-strike-dark-extras.trycloudflare.com/api/v1/verification/documents/e4c08101-a3db-4670-8a3c-ee305c51a181/complete
[UPLOAD] GST registration confirmed 200 and Uploaded; 1 observed entitlement challenges
[E2E WRITE] POST 200 dev https://gulf-strike-dark-extras.trycloudflare.com/api/v1/verification/documents/919df778-90ca-4293-b8f5-e1e845f69ced/complete
[UPLOAD] FSSAI licence confirmed 200 and Uploaded; 0 observed entitlement challenges
[E2E WRITE] POST 200 dev https://gulf-strike-dark-extras.trycloudflare.com/api/v1/restaurant-onboarding/organisations/aff28e6f-80ce-459c-b2a8-3a6002513a63/application/submit
[BROWSER NETWORK ERROR] 401 GET https://gulf-strike-dark-extras.trycloudflare.com/api/v1/restaurant-onboarding/organisations/aff28e6f-80ce-459c-b2a8-3a6002513a63/application
[BROWSER ERROR] Failed to load resource: the server responded with a status of 401 ()
[E2E WRITE] POST 200 dev https://gulf-strike-dark-extras.trycloudflare.com/api/v1/auth/session/refresh
[E2E WRITE] POST 200 dev https://gulf-strike-dark-extras.trycloudflare.com/api/v1/auth/otp
[E2E WRITE] POST 200 dev https://gulf-strike-dark-extras.trycloudflare.com/api/v1/auth/session
[E2E WRITE] POST 200 dev https://gulf-strike-dark-extras.trycloudflare.com/api/v1/auth/admin-session/otp
[E2E WRITE] POST 200 dev https://gulf-strike-dark-extras.trycloudflare.com/api/v1/auth/admin-session
[BROWSER WARNING] [.WebGL-0x12c00443e00]GL Driver Message (OpenGL, Performance, GL_CLOSE_PATH_NV, High): GPU stall due to ReadPixels
[E2E WRITE] POST 200 dev https://gulf-strike-dark-extras.trycloudflare.com/api/v1/internal/admin/restaurant-applications/c2d8b97b-ff96-4696-b64c-53d87d4caa19/approve
[BROWSER NETWORK ERROR] 401 GET https://gulf-strike-dark-extras.trycloudflare.com/api/v1/restaurant-onboarding/organisations/aff28e6f-80ce-459c-b2a8-3a6002513a63/application
[BROWSER ERROR] Failed to load resource: the server responded with a status of 401 ()
[E2E WRITE] POST 200 dev https://gulf-strike-dark-extras.trycloudflare.com/api/v1/auth/session/refresh
[E2E WRITE] POST 201 dev https://gulf-strike-dark-extras.trycloudflare.com/api/v1/organisations/aff28e6f-80ce-459c-b2a8-3a6002513a63/invitations
[E2E WRITE] POST 200 dev https://gulf-strike-dark-extras.trycloudflare.com/api/v1/auth/otp
[E2E WRITE] POST 200 dev https://gulf-strike-dark-extras.trycloudflare.com/api/v1/auth/session
[E2E WRITE] PUT 200 dev https://gulf-strike-dark-extras.trycloudflare.com/api/v1/users/profile
[E2E WRITE] POST 200 dev https://gulf-strike-dark-extras.trycloudflare.com/api/v1/organisation-invitations/0fa4bb40-4185-43d4-a788-f83cb651fbbd/accept
[BROWSER NETWORK ERROR] 401 GET https://gulf-strike-dark-extras.trycloudflare.com/api/v1/organisations?[redacted]
[BROWSER ERROR] Failed to load resource: the server responded with a status of 401 ()
[BROWSER NETWORK ERROR] 401 GET https://gulf-strike-dark-extras.trycloudflare.com/api/v1/organisation-invitations?[redacted]
[BROWSER ERROR] Failed to load resource: the server responded with a status of 401 ()
[E2E WRITE] POST 200 dev https://gulf-strike-dark-extras.trycloudflare.com/api/v1/auth/session/refresh
[E2E WRITE] DELETE 200 dev https://gulf-strike-dark-extras.trycloudflare.com/api/v1/organisations/aff28e6f-80ce-459c-b2a8-3a6002513a63/members/5118626c-7d3e-4d02-a71f-4419791c3a4b
[BROWSER NETWORK ERROR] 401 GET https://gulf-strike-dark-extras.trycloudflare.com/api/v1/users/me/portals
[BROWSER ERROR] Failed to load resource: the server responded with a status of 401 ()
[BROWSER NETWORK ERROR] 401 GET https://gulf-strike-dark-extras.trycloudflare.com/api/v1/organisation-invitations?[redacted]
[BROWSER ERROR] Failed to load resource: the server responded with a status of 401 ()
[E2E WRITE] POST 200 dev https://gulf-strike-dark-extras.trycloudflare.com/api/v1/auth/session/refresh
[E2E WRITE] POST 200 dev https://gulf-strike-dark-extras.trycloudflare.com/api/v1/auth/logout
[E2E TEARDOWN] customer signed out [everyday=200]
[E2E WRITE] POST 200 dev https://gulf-strike-dark-extras.trycloudflare.com/api/v1/auth/logout
[E2E TEARDOWN] restaurant signed out [everyday=200]
[E2E WRITE] POST 200 dev https://gulf-strike-dark-extras.trycloudflare.com/api/v1/auth/logout
[E2E WRITE] POST 200 dev https://gulf-strike-dark-extras.trycloudflare.com/api/v1/auth/logout
[E2E TEARDOWN] admin signed out [admin=200, everyday=200]
All owned business fixtures retained; no server cleanup performed
