[INFO] Scanning for projects...
[INFO] ------------------------------------------------------------------------
[INFO] Reactor Build Order:
[INFO] 
[INFO] common-library                                                     [pom]
[INFO] common-core                                                        [jar]
[INFO] 
[INFO] ------------------< com.fooddelivery:common-library >-------------------
[INFO] Building common-library 1.0-SNAPSHOT                               [1/2]
[INFO]   from pom.xml
[INFO] --------------------------------[ pom ]---------------------------------
[INFO] 
[INFO] --- exec:3.1.0:exec (check-stale-contracts) @ common-library ---
[INFO] 
[INFO] --------------------< com.fooddelivery:common-core >--------------------
[INFO] Building common-core 1.0-SNAPSHOT                                  [2/2]
[INFO]   from common-core/pom.xml
[INFO] --------------------------------[ jar ]---------------------------------
[INFO] 
[INFO] --- resources:3.3.1:resources (default-resources) @ common-core ---
[INFO] Copying 0 resource from src/main/resources to target/classes
[INFO] Copying 3 resources from src/main/resources to target/classes
[INFO] 
[INFO] --- compiler:3.13.0:compile (default-compile) @ common-core ---
[INFO] Recompiling the module because of changed source code.
[INFO] Compiling 169 source files with javac [forked debug parameters release 17] to target/classes
[INFO] 
[INFO] --- typescript-generator:3.2.1263:generate (generate) @ common-core ---
Running TypeScriptGenerator version 3.2.1263
Scanning classpath
Scanning finished in 0.64 seconds. Total number of classes: 19030.
Found 29 classes matching pattern.
Parsing 'com.fooddelivery.common.enums.ApplicationStatus'
Parsing 'com.fooddelivery.common.enums.AuditAction'
Parsing 'com.fooddelivery.common.enums.BusinessType'
Parsing 'com.fooddelivery.common.enums.ChannelType'
Parsing 'com.fooddelivery.common.enums.ChargeCategory'
Parsing 'com.fooddelivery.common.enums.DeliveryStatus'
Parsing 'com.fooddelivery.common.enums.FaultType'
Parsing 'com.fooddelivery.common.enums.LedgerAccountType'
Parsing 'com.fooddelivery.common.enums.LedgerAccountType$Kind'
Parsing 'com.fooddelivery.common.enums.MembershipStatus'
Parsing 'com.fooddelivery.common.enums.OrderStatus'
Parsing 'com.fooddelivery.common.enums.OrganisationPermission'
Parsing 'com.fooddelivery.common.enums.OrganisationRole'
Parsing 'com.fooddelivery.common.enums.OrganisationStatus'
Parsing 'com.fooddelivery.common.enums.OutboxStatus'
Parsing 'com.fooddelivery.common.enums.PaymentGateway'
Parsing 'com.fooddelivery.common.enums.PaymentMethod'
Parsing 'com.fooddelivery.common.enums.RefundDestination'
Parsing 'com.fooddelivery.common.enums.RefundStatus'
Parsing 'com.fooddelivery.common.enums.ReviewEntityType'
Parsing 'com.fooddelivery.common.enums.RoleName'
Parsing 'com.fooddelivery.common.enums.TransactionDirection'
Parsing 'com.fooddelivery.common.enums.TransactionStatus'
Parsing 'com.fooddelivery.common.enums.UserRole'
Parsing 'com.fooddelivery.common.enums.VehicleClass'
Parsing 'com.fooddelivery.common.enums.VerificationStatus'
Parsing 'com.fooddelivery.common.enums.VerificationType'
Parsing 'com.fooddelivery.common.enums.WalletEntityType'
Writing declarations to: /Users/parthureddy/Documents/Food Delivery.nosync/FoodDeliveryAppUI/src/types/backend-enums.ts
[INFO] 
[INFO] --- exec:3.1.0:exec (check-stale-contracts) @ common-core ---
[INFO] 
[INFO] --- resources:3.3.1:testResources (default-testResources) @ common-core ---
[INFO] Copying 2 resources from src/test/resources to target/test-classes
[INFO] 
[INFO] --- compiler:3.13.0:testCompile (default-testCompile) @ common-core ---
[INFO] Recompiling the module because of changed dependency.
[INFO] Compiling 18 source files with javac [forked debug parameters release 17] to target/test-classes
[INFO] 
[INFO] --- surefire:3.2.5:test (default-test) @ common-core ---
[INFO] Using auto detected provider org.apache.maven.surefire.junitplatform.JUnitPlatformProvider
[WARNING] The system property spring.cloud.config.fail-fast is configured twice! The property appears in <argLine/> and any of <systemPropertyVariables/>, <systemProperties/> or user property.
[WARNING] The system property net.bytebuddy.experimental is configured twice! The property appears in <argLine/> and any of <systemPropertyVariables/>, <systemProperties/> or user property.
[INFO] 
[INFO] -------------------------------------------------------
[INFO]  T E S T S
[INFO] -------------------------------------------------------
[INFO] Running com.fooddelivery.common.enums.ApplicationStatusTest
[ERROR] Tests run: 37, Failures: 1, Errors: 0, Skipped: 0, Time elapsed: 0.106 s <<< FAILURE! -- in com.fooddelivery.common.enums.ApplicationStatusTest
[ERROR] com.fooddelivery.common.enums.ApplicationStatusTest.everyAllowedAndForbiddenPair(ApplicationStatus, ApplicationStatus, boolean)[10] -- Time elapsed: 0.004 s <<< FAILURE!
org.opentest4j.AssertionFailedError: Expected com.fooddelivery.common.exception.IllegalStateTransitionException to be thrown, but nothing was thrown.
	at org.junit.jupiter.api.AssertionFailureBuilder.build(AssertionFailureBuilder.java:152)
	at org.junit.jupiter.api.AssertThrows.assertThrows(AssertThrows.java:73)
	at org.junit.jupiter.api.AssertThrows.assertThrows(AssertThrows.java:35)
	at org.junit.jupiter.api.Assertions.assertThrows(Assertions.java:3115)
	at com.fooddelivery.common.enums.ApplicationStatusTest.everyAllowedAndForbiddenPair(ApplicationStatusTest.java:30)
	at java.base/java.lang.reflect.Method.invoke(Method.java:565)
	at java.base/java.util.stream.ForEachOps$ForEachOp$OfRef.accept(ForEachOps.java:186)
	at java.base/java.util.stream.ReferencePipeline$3$1.accept(ReferencePipeline.java:214)
	at java.base/java.util.stream.ReferencePipeline$2$1.accept(ReferencePipeline.java:197)
	at java.base/java.util.stream.ReferencePipeline$3$1.accept(ReferencePipeline.java:214)
	at java.base/java.util.stream.ForEachOps$ForEachOp$OfRef.accept(ForEachOps.java:186)
	at java.base/java.util.stream.ReferencePipeline$3$1.accept(ReferencePipeline.java:214)
	at java.base/java.util.stream.ReferencePipeline$3$1.accept(ReferencePipeline.java:214)
	at java.base/java.util.stream.ReferencePipeline$3$1.accept(ReferencePipeline.java:214)
	at java.base/java.util.stream.ForEachOps$ForEachOp$OfRef.accept(ForEachOps.java:186)
	at java.base/java.util.stream.ReferencePipeline$3$1.accept(ReferencePipeline.java:214)
	at java.base/java.util.stream.ForEachOps$ForEachOp$OfRef.accept(ForEachOps.java:186)
	at java.base/java.util.stream.ForEachOps$ForEachOp$OfRef.accept(ForEachOps.java:186)
	at java.base/java.util.stream.ReferencePipeline$3$1.accept(ReferencePipeline.java:214)
	at java.base/java.util.Spliterators$ArraySpliterator.forEachRemaining(Spliterators.java:1024)
	at java.base/java.util.stream.AbstractPipeline.copyInto(AbstractPipeline.java:570)
	at java.base/java.util.stream.AbstractPipeline.wrapAndCopyInto(AbstractPipeline.java:560)
	at java.base/java.util.stream.ForEachOps$ForEachOp.evaluateSequential(ForEachOps.java:153)
	at java.base/java.util.stream.ForEachOps$ForEachOp$OfRef.evaluateSequential(ForEachOps.java:176)
	at java.base/java.util.stream.AbstractPipeline.evaluate(AbstractPipeline.java:265)
	at java.base/java.util.stream.ReferencePipeline.forEach(ReferencePipeline.java:632)
	at java.base/java.util.stream.ReferencePipeline$7$1FlatMap.accept(ReferencePipeline.java:293)
	at java.base/java.util.Spliterators$ArraySpliterator.forEachRemaining(Spliterators.java:1024)
	at java.base/java.util.stream.AbstractPipeline.copyInto(AbstractPipeline.java:570)
	at java.base/java.util.stream.AbstractPipeline.wrapAndCopyInto(AbstractPipeline.java:560)
	at java.base/java.util.stream.ForEachOps$ForEachOp.evaluateSequential(ForEachOps.java:153)
	at java.base/java.util.stream.ForEachOps$ForEachOp$OfRef.evaluateSequential(ForEachOps.java:176)
	at java.base/java.util.stream.AbstractPipeline.evaluate(AbstractPipeline.java:265)
	at java.base/java.util.stream.ReferencePipeline.forEach(ReferencePipeline.java:632)
	at java.base/java.util.stream.ReferencePipeline$7$1FlatMap.accept(ReferencePipeline.java:293)
	at java.base/java.util.stream.ReferencePipeline$3$1.accept(ReferencePipeline.java:214)
	at java.base/java.util.stream.ReferencePipeline$3$1.accept(ReferencePipeline.java:214)
	at java.base/java.util.stream.ReferencePipeline$3$1.accept(ReferencePipeline.java:214)
	at java.base/java.util.Spliterators$ArraySpliterator.forEachRemaining(Spliterators.java:1024)
	at java.base/java.util.stream.AbstractPipeline.copyInto(AbstractPipeline.java:570)
	at java.base/java.util.stream.AbstractPipeline.wrapAndCopyInto(AbstractPipeline.java:560)
	at java.base/java.util.stream.ForEachOps$ForEachOp.evaluateSequential(ForEachOps.java:153)
	at java.base/java.util.stream.ForEachOps$ForEachOp$OfRef.evaluateSequential(ForEachOps.java:176)
	at java.base/java.util.stream.AbstractPipeline.evaluate(AbstractPipeline.java:265)
	at java.base/java.util.stream.ReferencePipeline.forEach(ReferencePipeline.java:632)
	at java.base/java.util.stream.ReferencePipeline$7$1FlatMap.accept(ReferencePipeline.java:293)
	at java.base/java.util.stream.ReferencePipeline$3$1.accept(ReferencePipeline.java:214)
	at java.base/java.util.stream.ReferencePipeline$3$1.accept(ReferencePipeline.java:214)
	at java.base/java.util.stream.ReferencePipeline$3$1.accept(ReferencePipeline.java:214)
	at java.base/java.util.ArrayList$ArrayListSpliterator.forEachRemaining(ArrayList.java:1724)
	at java.base/java.util.stream.AbstractPipeline.copyInto(AbstractPipeline.java:570)
	at java.base/java.util.stream.AbstractPipeline.wrapAndCopyInto(AbstractPipeline.java:560)
	at java.base/java.util.stream.ForEachOps$ForEachOp.evaluateSequential(ForEachOps.java:153)
	at java.base/java.util.stream.ForEachOps$ForEachOp$OfRef.evaluateSequential(ForEachOps.java:176)
	at java.base/java.util.stream.AbstractPipeline.evaluate(AbstractPipeline.java:265)
	at java.base/java.util.stream.ReferencePipeline.forEach(ReferencePipeline.java:632)
	at java.base/java.util.stream.ReferencePipeline$7$1FlatMap.accept(ReferencePipeline.java:293)
	at java.base/java.util.ArrayList$ArrayListSpliterator.forEachRemaining(ArrayList.java:1724)
	at java.base/java.util.stream.AbstractPipeline.copyInto(AbstractPipeline.java:570)
	at java.base/java.util.stream.AbstractPipeline.wrapAndCopyInto(AbstractPipeline.java:560)
	at java.base/java.util.stream.ForEachOps$ForEachOp.evaluateSequential(ForEachOps.java:153)
	at java.base/java.util.stream.ForEachOps$ForEachOp$OfRef.evaluateSequential(ForEachOps.java:176)
	at java.base/java.util.stream.AbstractPipeline.evaluate(AbstractPipeline.java:265)
	at java.base/java.util.stream.ReferencePipeline.forEach(ReferencePipeline.java:632)
	at java.base/java.util.ArrayList.forEach(ArrayList.java:1612)
	at java.base/java.util.ArrayList.forEach(ArrayList.java:1612)

[INFO] 
[INFO] Results:
[INFO] 
[ERROR] Failures: 
[ERROR]   ApplicationStatusTest.everyAllowedAndForbiddenPair:30 Expected com.fooddelivery.common.exception.IllegalStateTransitionException to be thrown, but nothing was thrown.
[INFO] 
[ERROR] Tests run: 37, Failures: 1, Errors: 0, Skipped: 0
[INFO] 
[INFO] ------------------------------------------------------------------------
[INFO] Reactor Summary for common-library 1.0-SNAPSHOT:
[INFO] 
[INFO] common-library ..................................... SUCCESS [  0.385 s]
[INFO] common-core ........................................ FAILURE [  7.659 s]
[INFO] ------------------------------------------------------------------------
[INFO] BUILD FAILURE
[INFO] ------------------------------------------------------------------------
[INFO] Total time:  8.312 s
[INFO] Finished at: 2026-10-04T00:46:31+05:30
[INFO] ------------------------------------------------------------------------
[ERROR] Failed to execute goal org.apache.maven.plugins:maven-surefire-plugin:3.2.5:test (default-test) on project common-core: There are test failures.
[ERROR] 
[ERROR] Please refer to /Users/parthureddy/Documents/Food Delivery.nosync/CommonLibrary/common-core/target/surefire-reports for the individual test results.
[ERROR] Please refer to dump files (if any exist) [date].dump, [date]-jvmRun[N].dump and [date].dumpstream.
[ERROR] -> [Help 1]
[ERROR] 
[ERROR] To see the full stack trace of the errors, re-run Maven with the -e switch.
[ERROR] Re-run Maven using the -X switch to enable full debug logging.
[ERROR] 
[ERROR] For more information about the errors and possible solutions, please read the following articles:
[ERROR] [Help 1] http://cwiki.apache.org/confluence/display/MAVEN/MojoFailureException
[ERROR] 
[ERROR] After correcting the problems, you can resume the build with the command
[ERROR]   mvn <args> -rf :common-core
WARNING: A terminally deprecated method in sun.misc.Unsafe has been called
WARNING: sun.misc.Unsafe::invokeCleaner has been called by nonapi.io.github.classgraph.utils.FileUtils (file:/Users/parthureddy/.m2/repository/io/github/classgraph/classgraph/4.8.157/classgraph-4.8.157.jar)
WARNING: Please consider reporting this to the maintainers of class nonapi.io.github.classgraph.utils.FileUtils
WARNING: sun.misc.Unsafe::invokeCleaner will be removed in a future release
