[INFO] Scanning for projects...
[INFO] ------------------------------------------------------------------------
[INFO] Reactor Build Order:
[INFO] 
[INFO] common-library                                                     [pom]
[INFO] common-core                                                        [jar]
[INFO] common-test                                                        [jar]
[INFO] common-storage                                                     [jar]
[INFO] 
[INFO] ------------------< com.fooddelivery:common-library >-------------------
[INFO] Building common-library 1.0-SNAPSHOT                               [1/4]
[INFO]   from pom.xml
[INFO] --------------------------------[ pom ]---------------------------------
[INFO] 
[INFO] --- exec:3.1.0:exec (check-stale-contracts) @ common-library ---
[INFO] 
[INFO] --------------------< com.fooddelivery:common-core >--------------------
[INFO] Building common-core 1.0-SNAPSHOT                                  [2/4]
[INFO]   from common-core/pom.xml
[INFO] --------------------------------[ jar ]---------------------------------
[INFO] 
[INFO] --- resources:3.3.1:resources (default-resources) @ common-core ---
[INFO] Copying 0 resource from src/main/resources to target/classes
[INFO] Copying 3 resources from src/main/resources to target/classes
[INFO] 
[INFO] --- compiler:3.13.0:compile (default-compile) @ common-core ---
[INFO] Recompiling the module because of changed source code.
[INFO] Compiling 170 source files with javac [forked debug parameters release 17] to target/classes
[INFO] 
[INFO] --- typescript-generator:3.2.1263:generate (generate) @ common-core ---
Running TypeScriptGenerator version 3.2.1263
Scanning classpath
Scanning finished in 0.71 seconds. Total number of classes: 19031.
Found 29 classes matching pattern.
Parsing 'com.fooddelivery.common.enums.ApplicationStatus'
Parsing 'com.fooddelivery.common.enums.AuditAction'
Parsing 'com.fooddelivery.common.enums.BusinessType'
Parsing 'com.fooddelivery.common.enums.ChannelType'
Parsing 'com.fooddelivery.common.enums.ChargeCategory'
Parsing 'com.fooddelivery.common.enums.DeliveryStatus'
Parsing 'com.fooddelivery.common.enums.FaultType'
Parsing 'com.fooddelivery.common.enums.LedgerAccountType'
Parsing 'com.fooddelivery.common.enums.LedgerAccountType$Kind'
Parsing 'com.fooddelivery.common.enums.MembershipStatus'
Parsing 'com.fooddelivery.common.enums.OrderStatus'
Parsing 'com.fooddelivery.common.enums.OrganisationPermission'
Parsing 'com.fooddelivery.common.enums.OrganisationRole'
Parsing 'com.fooddelivery.common.enums.OrganisationStatus'
Parsing 'com.fooddelivery.common.enums.OutboxStatus'
Parsing 'com.fooddelivery.common.enums.PaymentGateway'
Parsing 'com.fooddelivery.common.enums.PaymentMethod'
Parsing 'com.fooddelivery.common.enums.RefundDestination'
Parsing 'com.fooddelivery.common.enums.RefundStatus'
Parsing 'com.fooddelivery.common.enums.ReviewEntityType'
Parsing 'com.fooddelivery.common.enums.RoleName'
Parsing 'com.fooddelivery.common.enums.TransactionDirection'
Parsing 'com.fooddelivery.common.enums.TransactionStatus'
Parsing 'com.fooddelivery.common.enums.UserRole'
Parsing 'com.fooddelivery.common.enums.VehicleClass'
Parsing 'com.fooddelivery.common.enums.VerificationStatus'
Parsing 'com.fooddelivery.common.enums.VerificationType'
Parsing 'com.fooddelivery.common.enums.WalletEntityType'
Writing declarations to: /Users/parthureddy/Documents/Food Delivery.nosync/FoodDeliveryAppUI/src/types/backend-enums.ts
[INFO] 
[INFO] --- exec:3.1.0:exec (check-stale-contracts) @ common-core ---
[INFO] 
[INFO] --- resources:3.3.1:testResources (default-testResources) @ common-core ---
[INFO] Copying 2 resources from src/test/resources to target/test-classes
[INFO] 
[INFO] --- compiler:3.13.0:testCompile (default-testCompile) @ common-core ---
[INFO] Recompiling the module because of changed dependency.
[INFO] Compiling 18 source files with javac [forked debug parameters release 17] to target/test-classes
[INFO] 
[INFO] --- surefire:3.2.5:test (default-test) @ common-core ---
[INFO] 
[INFO] --------------------< com.fooddelivery:common-test >--------------------
[INFO] Building common-test 1.0-SNAPSHOT                                  [3/4]
[INFO]   from common-test/pom.xml
[INFO] --------------------------------[ jar ]---------------------------------
[INFO] 
[INFO] --- resources:3.3.1:resources (default-resources) @ common-test ---
[INFO] Copying 0 resource from src/main/resources to target/classes
[INFO] Copying 0 resource from src/main/resources to target/classes
[INFO] 
[INFO] --- compiler:3.13.0:compile (default-compile) @ common-test ---
[INFO] Recompiling the module because of changed dependency.
[INFO] Compiling 10 source files with javac [forked debug parameters release 17] to target/classes
[WARNING] WARNING: A terminally deprecated method in sun.misc.Unsafe has been called
WARNING: sun.misc.Unsafe:objectFieldOffset has been called by lombok.permit.Permit
WARNING: Please consider reporting this to the maintainers of class lombok.permit.Permit
WARNING: sun.misc.Unsafe:objectFieldOffset will be removed in a future release
WARNING: Final field fileManager in class com.sun.tools.javac.jvm.ClassWriter has been mutated reflectively by class lombok.permit.Permit in unnamed module @a50ae65
WARNING: Use --enable-final-field-mutation=ALL-UNNAMED to avoid a warning
WARNING: Mutating final fields will be blocked in a future release unless final field mutation is enabled
/Users/parthureddy/Documents/Food Delivery.nosync/CommonLibrary/common-test/src/main/java/com/fooddelivery/common/test/SchemaConsistency.java:[68,32] [dep-ann] deprecated item is not annotated with @Deprecated
[INFO] 
[INFO] --- exec:3.1.0:exec (check-stale-contracts) @ common-test ---
[INFO] 
[INFO] --- resources:3.3.1:testResources (default-testResources) @ common-test ---
[INFO] Copying 2 resources from src/test/resources to target/test-classes
[INFO] 
[INFO] --- compiler:3.13.0:testCompile (default-testCompile) @ common-test ---
[INFO] Recompiling the module because of changed dependency.
[INFO] Compiling 4 source files with javac [forked debug parameters release 17] to target/test-classes
[INFO] 
[INFO] --- surefire:3.2.5:test (default-test) @ common-test ---
[INFO] 
[INFO] ------------------< com.fooddelivery:common-storage >-------------------
[INFO] Building common-storage 1.0-SNAPSHOT                               [4/4]
[INFO]   from common-storage/pom.xml
[INFO] --------------------------------[ jar ]---------------------------------
[INFO] 
[INFO] --- resources:3.3.1:resources (default-resources) @ common-storage ---
[INFO] Copying 0 resource from src/main/resources to target/classes
[INFO] Copying 0 resource from src/main/resources to target/classes
[INFO] 
[INFO] --- compiler:3.13.0:compile (default-compile) @ common-storage ---
[INFO] Recompiling the module because of changed dependency.
[INFO] Compiling 2 source files with javac [forked debug parameters release 17] to target/classes
[INFO] 
[INFO] --- exec:3.1.0:exec (check-stale-contracts) @ common-storage ---
[INFO] 
[INFO] --- resources:3.3.1:testResources (default-testResources) @ common-storage ---
[INFO] skip non existing resourceDirectory /Users/parthureddy/Documents/Food Delivery.nosync/CommonLibrary/common-storage/src/test/resources
[INFO] 
[INFO] --- compiler:3.13.0:testCompile (default-testCompile) @ common-storage ---
[INFO] Recompiling the module because of changed dependency.
[INFO] Compiling 2 source files with javac [forked debug parameters release 17] to target/test-classes
[INFO] 
[INFO] --- surefire:3.2.5:test (default-test) @ common-storage ---
[INFO] Using auto detected provider org.apache.maven.surefire.junitplatform.JUnitPlatformProvider
[WARNING] The system property spring.cloud.config.fail-fast is configured twice! The property appears in <argLine/> and any of <systemPropertyVariables/>, <systemProperties/> or user property.
[WARNING] The system property net.bytebuddy.experimental is configured twice! The property appears in <argLine/> and any of <systemPropertyVariables/>, <systemProperties/> or user property.
[INFO] 
[INFO] -------------------------------------------------------
[INFO]  T E S T S
[INFO] -------------------------------------------------------
[INFO] Running com.fooddelivery.common.service.CloudflareR2DocumentSafetyTest
[ERROR] Tests run: 1, Failures: 1, Errors: 0, Skipped: 0, Time elapsed: 0.971 s <<< FAILURE! -- in com.fooddelivery.common.service.CloudflareR2DocumentSafetyTest
[ERROR] com.fooddelivery.common.service.CloudflareR2DocumentSafetyTest.actualPresignerSignsTypeLengthAndTenMinuteExpiry -- Time elapsed: 0.959 s <<< FAILURE!
org.opentest4j.AssertionFailedError: X-Amz-Algorithm=AWS4-HMAC-SHA256&X-Amz-Date=20261003T193645Z&X-Amz-SignedHeaders=content-type;host&X-Amz-Expires=600&X-Amz-Credential=EXAMPLE/20261003/auto/s3/aws4_request&X-Amz-Signature=58ebf6b44c16b744380f1a76c714ccf59658037578e154bbbf638209541c3c6b ==> expected: <true> but was: <false>
	at org.junit.jupiter.api.AssertionFailureBuilder.build(AssertionFailureBuilder.java:151)
	at org.junit.jupiter.api.AssertionFailureBuilder.buildAndThrow(AssertionFailureBuilder.java:132)
	at org.junit.jupiter.api.AssertTrue.failNotTrue(AssertTrue.java:63)
	at org.junit.jupiter.api.AssertTrue.assertTrue(AssertTrue.java:36)
	at org.junit.jupiter.api.Assertions.assertTrue(Assertions.java:214)
	at com.fooddelivery.common.service.CloudflareR2DocumentSafetyTest.actualPresignerSignsTypeLengthAndTenMinuteExpiry(CloudflareR2DocumentSafetyTest.java:40)
	at java.base/java.lang.reflect.Method.invoke(Method.java:565)
	at java.base/java.util.ArrayList.forEach(ArrayList.java:1612)
	at java.base/java.util.ArrayList.forEach(ArrayList.java:1612)

[INFO] 
[INFO] Results:
[INFO] 
[ERROR] Failures: 
[ERROR]   CloudflareR2DocumentSafetyTest.actualPresignerSignsTypeLengthAndTenMinuteExpiry:40 X-Amz-Algorithm=AWS4-HMAC-SHA256&X-Amz-Date=20261003T193645Z&X-Amz-SignedHeaders=content-type;host&X-Amz-Expires=600&X-Amz-Credential=EXAMPLE/20261003/auto/s3/aws4_request&X-Amz-Signature=58ebf6b44c16b744380f1a76c714ccf59658037578e154bbbf638209541c3c6b ==> expected: <true> but was: <false>
[INFO] 
[ERROR] Tests run: 1, Failures: 1, Errors: 0, Skipped: 0
[INFO] 
[INFO] ------------------------------------------------------------------------
[INFO] Reactor Summary for common-library 1.0-SNAPSHOT:
[INFO] 
[INFO] common-library ..................................... SUCCESS [  0.407 s]
[INFO] common-core ........................................ SUCCESS [  7.571 s]
[INFO] common-test ........................................ SUCCESS [  3.471 s]
[INFO] common-storage ..................................... FAILURE [  3.847 s]
[INFO] ------------------------------------------------------------------------
[INFO] BUILD FAILURE
[INFO] ------------------------------------------------------------------------
[INFO] Total time:  15.598 s
[INFO] Finished at: 2026-10-04T01:06:45+05:30
[INFO] ------------------------------------------------------------------------
[ERROR] Failed to execute goal org.apache.maven.plugins:maven-surefire-plugin:3.2.5:test (default-test) on project common-storage: There are test failures.
[ERROR] 
[ERROR] Please refer to /Users/parthureddy/Documents/Food Delivery.nosync/CommonLibrary/common-storage/target/surefire-reports for the individual test results.
[ERROR] Please refer to dump files (if any exist) [date].dump, [date]-jvmRun[N].dump and [date].dumpstream.
[ERROR] -> [Help 1]
[ERROR] 
[ERROR] To see the full stack trace of the errors, re-run Maven with the -e switch.
[ERROR] Re-run Maven using the -X switch to enable full debug logging.
[ERROR] 
[ERROR] For more information about the errors and possible solutions, please read the following articles:
[ERROR] [Help 1] http://cwiki.apache.org/confluence/display/MAVEN/MojoFailureException
[ERROR] 
[ERROR] After correcting the problems, you can resume the build with the command
[ERROR]   mvn <args> -rf :common-storage
WARNING: A terminally deprecated method in sun.misc.Unsafe has been called
WARNING: sun.misc.Unsafe::invokeCleaner has been called by nonapi.io.github.classgraph.utils.FileUtils (file:/Users/parthureddy/.m2/repository/io/github/classgraph/classgraph/4.8.157/classgraph-4.8.157.jar)
WARNING: Please consider reporting this to the maintainers of class nonapi.io.github.classgraph.utils.FileUtils
WARNING: sun.misc.Unsafe::invokeCleaner will be removed in a future release
WARNING: A Java agent has been loaded dynamically (/Users/parthureddy/.m2/repository/net/bytebuddy/byte-buddy-agent/1.14.17/byte-buddy-agent-1.14.17.jar)
WARNING: If a serviceability tool is in use, please run with -XX:+EnableDynamicAgentLoading to hide this warning
WARNING: If a serviceability tool is not in use, please run with -Djdk.instrument.traceUsage for more information
WARNING: Dynamic loading of agents will be disallowed by default in a future release
OpenJDK 64-Bit Server VM warning: Sharing is only supported for boot loader classes because bootstrap classpath has been appended
WARNING: A terminally deprecated method in sun.misc.Unsafe has been called
WARNING: sun.misc.Unsafe::objectFieldOffset has been called by net.bytebuddy.dynamic.loading.ClassInjector$UsingUnsafe$Dispatcher$CreationAction (file:/Users/parthureddy/.m2/repository/net/bytebuddy/byte-buddy/1.14.17/byte-buddy-1.14.17.jar)
WARNING: Please consider reporting this to the maintainers of class net.bytebuddy.dynamic.loading.ClassInjector$UsingUnsafe$Dispatcher$CreationAction
WARNING: sun.misc.Unsafe::objectFieldOffset will be removed in a future release
